// Vitest Snapshot v1, https://vitest.dev/guide/snapshot.html

exports[`CognitoKitAuth — determinism > matches the committed CloudFormation snapshot 1`] = `
"{
  "Resources": {
    "AuthUserPool8115E87F": {
      "Type": "AWS::Cognito::UserPool",
      "Properties": {
        "AccountRecoverySetting": {
          "RecoveryMechanisms": [
            {
              "Name": "verified_email",
              "Priority": 1
            }
          ]
        },
        "AdminCreateUserConfig": {
          "AllowAdminCreateUserOnly": true
        },
        "AutoVerifiedAttributes": [
          "email"
        ],
        "DeletionProtection": "ACTIVE",
        "EmailVerificationMessage": "The verification code to your new account is {####}",
        "EmailVerificationSubject": "Verify your new account",
        "MfaConfiguration": "OFF",
        "Policies": {
          "PasswordPolicy": {
            "MinimumLength": 12,
            "RequireLowercase": true,
            "RequireNumbers": true,
            "RequireSymbols": true,
            "RequireUppercase": true
          }
        },
        "Schema": [
          {
            "Mutable": false,
            "Name": "email",
            "Required": true
          }
        ],
        "SmsVerificationMessage": "The verification code to your new account is {####}",
        "UserPoolName": "myapp",
        "UsernameAttributes": [
          "email"
        ],
        "UsernameConfiguration": {
          "CaseSensitive": false
        },
        "VerificationMessageTemplate": {
          "DefaultEmailOption": "CONFIRM_WITH_CODE",
          "EmailMessage": "The verification code to your new account is {####}",
          "EmailSubject": "Verify your new account",
          "SmsMessage": "The verification code to your new account is {####}"
        }
      },
      "UpdateReplacePolicy": "Retain",
      "DeletionPolicy": "Retain"
    },
    "AuthUserPoolAppClient1D18298A": {
      "Type": "AWS::Cognito::UserPoolClient",
      "Properties": {
        "AccessTokenValidity": 60,
        "AllowedOAuthFlows": [
          "code"
        ],
        "AllowedOAuthFlowsUserPoolClient": true,
        "AllowedOAuthScopes": [
          "openid",
          "email",
          "profile"
        ],
        "CallbackURLs": [
          "http://localhost:3000/auth/callback",
          "https://app.example.com/auth/callback"
        ],
        "ClientName": "myapp-app",
        "GenerateSecret": true,
        "IdTokenValidity": 60,
        "LogoutURLs": [
          "http://localhost:3000",
          "https://app.example.com"
        ],
        "PreventUserExistenceErrors": "ENABLED",
        "RefreshTokenValidity": 43200,
        "SupportedIdentityProviders": [
          "COGNITO"
        ],
        "TokenValidityUnits": {
          "AccessToken": "minutes",
          "IdToken": "minutes",
          "RefreshToken": "minutes"
        },
        "UserPoolId": {
          "Ref": "AuthUserPool8115E87F"
        }
      }
    },
    "AuthDomain80E3F95D": {
      "Type": "AWS::Cognito::UserPoolDomain",
      "Properties": {
        "Domain": "myapp-auth",
        "ManagedLoginVersion": 2,
        "UserPoolId": {
          "Ref": "AuthUserPool8115E87F"
        }
      }
    }
  },
  "Parameters": {
    "BootstrapVersion": {
      "Type": "AWS::SSM::Parameter::Value<String>",
      "Default": "/cdk-bootstrap/hnb659fds/version",
      "Description": "Version of the CDK Bootstrap resources in this environment, automatically retrieved from SSM Parameter Store. [cdk:skip]"
    }
  },
  "Rules": {
    "CheckBootstrapVersion": {
      "Assertions": [
        {
          "Assert": {
            "Fn::Not": [
              {
                "Fn::Contains": [
                  [
                    "1",
                    "2",
                    "3",
                    "4",
                    "5"
                  ],
                  {
                    "Ref": "BootstrapVersion"
                  }
                ]
              }
            ]
          },
          "AssertDescription": "CDK bootstrap stack version 6 required. Please run 'cdk bootstrap' with a recent version of the CDK CLI."
        }
      ]
    }
  }
}"
`;
